// Jest Snapshot v1, https://goo.gl/fbAQLP

exports[`entity-list can mount entity list 1`] = `
<div id="app">
    <div class="SharpEntityList">
        <div class="SharpEntityList__table SharpEntityList__table--border">
            <div class="SharpEntityList__thead">
                <div class="SharpEntityList__row SharpEntityList__row--header container">
                    <div class="SharpEntityList__cols">
                        <div class="row">
                            <div class="SharpEntityList__th col-12 col-md-6"><span>Titre</span>
                                <!---->
                                <!---->
                            </div>
                        </div>
                    </div>
                    <div class="d-none d-md-block" style="width: 0px;">&nbsp;</div>
                </div>
            </div>
            <div class="SharpEntityList__tbody">
                <div id="MOCKED_VUE_DRAGGALBE">
                    <div class="SharpEntityList__row container">
                        <div class="SharpEntityList__cols">
                            <div class="row">
                                <div class="SharpEntityList__td col-12 col-md-6">
                                    Super title
                                </div>
                            </div> <a href="/sharp/form/spaceship/1" class="SharpEntityList__row-link"></a></div>
                        <div class="SharpEntityList__row-actions">
                            <!---->
                            <!---->
                        </div>
                        <div class="SharpEntityList__row-actions" style="display: none;"><i class="fa fa-ellipsis-v SharpEntityList__reorder-icon"></i></div>
                    </div>
                </div>
            </div>
        </div>
        <div class="SharpEntityList__pagination-container">
            <!---->
        </div> __MOCKED_SFC_SharpViewPanel__
    </div>
</div>
`;
